HDR CPT CODES AND DESCRIPTIONS ONLY ARE COPYRIGHT 
HDR 2026 AMERICAN MEDICAL ASSOCIATION.  ALL RIGHTS
HDR RESERVED.  APPLICABLE FARS/DFARS APPLY.       
HDR THE FOLLOWING STATEMENT APPLIES TO ALL DENTAL 
HDR CODES (HCPCS START WITH LETTER D):  COPYRIGHT 
HDR 2025/26 AMERICAN DENTAL ASSOCIATION.  ALL RIGH
HDR RESERVED.                                     
0001F  Heart failure composite                           I   0.00   0.00     0.00    0.00   0.00  0.009XXX.00.00.0099999             32.3465 090 99      0.00   0.00   0.00
0005F  Osteoarthritis composite                          I   0.00   0.00     0.00    0.00   0.00  0.009XXX.00.00.0099999             32.3465 090 99      0.00   0.00   0.00
00100  Anesth salivary gland                             J   0.00   0.00     0.00    0.00   0.00  0.009XXX.00.00.0099999             32.3465 090 99      0.00   0.00   0.00
00102  Anesth repair of cleft lip                        J   0.00   0.00     0.00    0.00   0.00  0.009XXX.00.00.0099999             32.3465 090 99      0.00   0.00   0.00
00103  Anesth blepharoplasty                             J   0.00   0.00     0.00    0.00   0.00  0.009XXX.00.00.0099999             32.3465 090 99      0.00   0.00   0.00
00104  Anesth electroshock                               J   0.00   0.00     0.00    0.00   0.00  0.009XXX.00.00.0099999             32.3465 090 99      0.00   0.00   0.00
00120  Anesth ear surgery                                J   0.00   0.00     0.00    0.00   0.00  0.009XXX.00.00.0099999             32.3465 090 99      0.00   0.00   0.00
00124  Anesth ear exam                                   J   0.00   0.00     0.00    0.00   0.00  0.009XXX.00.00.0099999             32.3465 090 99      0.00   0.00   0.00
00126  Anesth tympanotomy                                J   0.00   0.00     0.00    0.00   0.00  0.009XXX.00.00.0099999             32.3465 090 99      0.00   0.00   0.00
0012F  Cap bacterial assess                              I   0.00   0.00     0.00    0.00   0.00  0.009XXX.00.00.0099999             32.3465 090 99      0.00   0.00   0.00
00140  Anesth procedures on eye                          J   0.00   0.00     0.00    0.00   0.00  0.009XXX.00.00.0099999             32.3465 090 99      0.00   0.00   0.00
00142  Anesth lens surgery                               J   0.00   0.00     0.00    0.00   0.00  0.009XXX.00.00.0099999             32.3465 090 99      0.00   0.00   0.00
00144  Anesth corneal transplant                         J   0.00   0.00     0.00    0.00   0.00  0.009XXX.00.00.0099999             32.3465 090 99      0.00   0.00   0.00
00145  Anesth vitreoretinal surg                         J   0.00   0.00     0.00    0.00   0.00  0.009XXX.00.00.0099999             32.3465 090 99      0.00   0.00   0.00
00147  Anesth iridectomy                                 J   0.00   0.00     0.00    0.00   0.00  0.009XXX.00.00.0099999             32.3465 090 99      0.00   0.00   0.00
00148  Anesth eye exam                                   J   0.00   0.00     0.00    0.00   0.00  0.009XXX.00.00.0099999             32.3465 090 99      0.00   0.00   0.00
0014F  Comp preop assess cat surg                        I   0.00   0.00     0.00    0.00   0.00  0.009XXX.00.00.0099999             32.3465 090 99      0.00   0.00   0.00
0015F  Melan follow-up complete                          I   0.00   0.00     0.00    0.00   0.00  0.009XXX.00.00.0099999             32.3465 090 99      0.00   0.00   0.00
00160  Anesth nose/sinus surgery                         J   0.00   0.00     0.00    0.00   0.00  0.009XXX.00.00.0099999             32.3465 090 99      0.00   0.00   0.00
00162  Anesth nose/sinus surgery                         J   0.00   0.00     0.00    0.00   0.00  0.009XXX.00.00.0099999             32.3465 090 99      0.00   0.00   0.00
00164  Anesth biopsy of nose                             J   0.00   0.00     0.00    0.00   0.00  0.009XXX.00.00.0099999             32.3465 090 99      0.00   0.00   0.00
00170  Anesth procedure on mouth                         J   0.00   0.00     0.00    0.00   0.00  0.009XXX.00.00.0099999             32.3465 090 99      0.00   0.00   0.00
00172  Anesth cleft palate repair                        J   0.00   0.00     0.00    0.00   0.00  0.009XXX.00.00.0099999             32.3465 090 99      0.00   0.00   0.00
00174  Anesth pharyngeal surgery                         J   0.00   0.00     0.00    0.00   0.00  0.009XXX.00.00.0099999             32.3465 090 99      0.00   0.00   0.00
00176  Anesth pharyngeal surgery                         J   0.00   0.00     0.00    0.00   0.00  0.009XXX.00.00.0099999             32.3465 090 99      0.00   0.00   0.00
00190  Anesth face/skull bone surg                       J   0.00   0.00     0.00    0.00   0.00  0.009XXX.00.00.0099999             32.3465 090 99      0.00   0.00   0.00
00192  Anesth facial bone surgery                        J   0.00   0.00     0.00    0.00   0.00  0.009XXX.00.00.0099999             32.3465 090 99      0.00   0.00   0.00
00210  Anesth cranial surg nos                           J   0.00   0.00     0.00    0.00   0.00  0.009XXX.00.00.0099999             32.3465 090 99      0.00   0.00   0.00
00211  Anesth cran surg hemotoma                         J   0.00   0.00     0.00    0.00   0.00  0.009XXX.00.00.0099999             32.3465 090 99      0.00   0.00   0.00
00212  Anesth skull drainage                             J   0.00   0.00     0.00    0.00   0.00  0.009XXX.00.00.0099999             32.3465 090 99      0.00   0.00   0.00
00214  Anesth skull drainage                             J   0.00   0.00     0.00    0.00   0.00  0.009XXX.00.00.0099999             32.3465 090 99      0.00   0.00   0.00
00215  Anesth skull repair/fract                         J   0.00   0.00     0.00    0.00   0.00  0.009XXX.00.00.0099999             32.3465 090 99      0.00   0.00   0.00
00216  Anesth head vessel surgery                        J   0.00   0.00     0.00    0.00   0.00  0.009XXX.00.00.0099999             32.3465 090 99      0.00   0.00   0.00
00218  Anesth special head surgery                       J   0.00   0.00     0.00    0.00   0.00  0.009XXX.00.00.0099999             32.3465 090 99      0.00   0.00   0.00
00220  Anesth intrcrn nerve                              J   0.00   0.00     0.00    0.00   0.00  0.009XXX.00.00.0099999             32.3465 090 99      0.00   0.00   0.00
00222  Anesth head nerve surgery                         J   0.00   0.00     0.00    0.00   0.00  0.009XXX.00.00.0099999             32.3465 090 99      0.00   0.00   0.00
00300  Anesth head/neck/ptrunk                           J   0.00   0.00     0.00    0.00   0.00  0.009XXX.00.00.0099999             32.3465 090 99      0.00   0.00   0.00
00320  Anesth neck organ 1yr/>                           J   0.00   0.00     0.00    0.00   0.00  0.009XXX.00.00.0099999             32.3465 090 99      0.00   0.00   0.00
00322  Anesth biopsy of thyroid                          J   0.00   0.00     0.00    0.00   0.00  0.009XXX.00.00.0099999             32.3465 090 99      0.00   0.00   0.00
00326  Anesth larynx/trach < 1 yr                        J   0.00   0.00     0.00    0.00   0.00  0.009XXX.00.00.0099999             32.3465 090 99      0.00   0.00   0.00
00350  Anesth neck vessel surgery                        J   0.00   0.00     0.00    0.00   0.00  0.009XXX.00.00.0099999             32.3465 090 99      0.00   0.00   0.00
00352  Anesth neck vessel surgery                        J   0.00   0.00     0.00    0.00   0.00  0.009XXX.00.00.0099999             32.3465 090 99      0.00   0.00   0.00
00400  Anesth skin ext/per/atrunk                        J   0.00   0.00     0.00    0.00   0.00  0.009XXX.00.00.0099999             32.3465 090 99      0.00   0.00   0.00
00402  Anesth surgery of breast                          J   0.00   0.00     0.00    0.00   0.00  0.009XXX.00.00.0099999             32.3465 090 99      0.00   0.00   0.00
00404  Anesth surgery of breast                          J   0.00   0.00     0.00    0.00   0.00  0.009XXX.00.00.0099999             32.3465 090 99      0.00   0.00   0.00
00406  Anesth surgery of breast                          J   0.00   0.00     0.00    0.00   0.00  0.009XXX.00.00.0099999             32.3465 090 99      0.00   0.00   0.00
00410  Anesth correct heart rhythm                       J   0.00   0.00     0.00    0.00   0.00  0.009XXX.00.00.0099999             32.3465 090 99      0.00   0.00   0.00
0042T  Ct perfusion w/contrast cbf                       C   0.00   0.00     0.00    0.00   0.00  0.000XXX.00.00.0000000             32.3465 090 99      0.00   0.00   0.00
00450  Anesth surgery of shoulder                        J   0.00   0.00     0.00    0.00   0.00  0.009XXX.00.00.0099999             32.3465 090 99      0.00   0.00   0.00
00454  Anesth collar bone biopsy                         J   0.00   0.00     0.00    0.00   0.00  0.009XXX.00.00.0099999             32.3465 090 99      0.00   0.00   0.00
00470  Anesth removal of rib                             J   0.00   0.00     0.00    0.00   0.00  0.009XXX.00.00.0099999             32.3465 090 99      0.00   0.00   0.00
00472  Anesth chest wall repair                          J   0.00   0.00     0.00    0.00   0.00  0.009XXX.00.00.0099999             32.3465 090 99      0.00   0.00   0.00
00474  Anesth surgery of rib                             J   0.00   0.00     0.00    0.00   0.00  0.009XXX.00.00.0099999             32.3465 090 99      0.00   0.00   0.00
00500  Anesth esophageal surgery                         J   0.00   0.00     0.00    0.00   0.00  0.009XXX.00.00.0099999             32.3465 090 99      0.00   0.00   0.00
00520  Anesth chest procedure                            J   0.00   0.00     0.00    0.00   0.00  0.009XXX.00.00.0099999             32.3465 090 99      0.00   0.00   0.00
00522  Anesth chest lining biopsy                        J   0.00   0.00     0.00    0.00   0.00  0.009XXX.00.00.0099999             32.3465 090 99      0.00   0.00   0.00
00524  Anesth chest drainage                             J   0.00   0.00     0.00    0.00   0.00  0.009XXX.00.00.0099999             32.3465 090 99      0.00   0.00   0.00
00528  Anes mediascpy & dx thorscpy                      J   0.00   0.00     0.00    0.00   0.00  0.009XXX.00.00.0099999             32.3465 090 99      0.00   0.00   0.00
00529  Anes medscpy&thorscpy 1 lung                      J   0.00   0.00     0.00    0.00   0.00  0.009XXX.00.00.0099999             32.3465 090 99      0.00   0.00   0.00
00530  Anesth pacemaker insertion                        J   0.00   0.00     0.00    0.00   0.00  0.009XXX.00.00.0099999             32.3465 090 99      0.00   0.00   0.00
00532  Anesth vascular access                            J   0.00   0.00     0.00    0.00   0.00  0.009XXX.00.00.0099999             32.3465 090 99      0.00   0.00   0.00
00534  Anesth cardioverter/defib                         J   0.00   0.00     0.00    0.00   0.00  0.009XXX.00.00.0099999             32.3465 090 99      0.00   0.00   0.00
00537  Anesth cardiac electrophys                        J   0.00   0.00     0.00    0.00   0.00  0.009XXX.00.00.0099999             32.3465 090 99      0.00   0.00   0.00
00539  Anesth trach-bronch reconst                       J   0.00   0.00     0.00    0.00   0.00  0.009XXX.00.00.0099999             32.3465 090 99      0.00   0.00   0.00
00540  Anesth chest surgery                              J   0.00   0.00     0.00    0.00   0.00  0.009XXX.00.00.0099999             32.3465 090 99      0.00   0.00   0.00
00541  Anesth one lung ventilation                       J   0.00   0.00     0.00    0.00   0.00  0.009XXX.00.00.0099999             32.3465 090 99      0.00   0.00   0.00
00542  Anesthesia removal pleura                         J   0.00   0.00     0.00    0.00   0.00  0.009XXX.00.00.0099999             32.3465 090 99      0.00   0.00   0.00
00546  Anesth lung chest wall surg                       J   0.00   0.00     0.00    0.00   0.00  0.009XXX.00.00.0099999             32.3465 090 99      0.00   0.00   0.00
00548  Anesth trachea bronchi surg                       J   0.00   0.00     0.00    0.00   0.00  0.009XXX.00.00.0099999             32.3465 090 99      0.00   0.00   0.00
0054T  Bone srgry cmptr fluor image                      C   0.00   0.00     0.00    0.00   0.00  0.000XXX.00.00.0000000             32.3465 090 99      0.00   0.00   0.00
00550  Anesth sternal debridement                        J   0.00   0.00     0.00    0.00   0.00  0.009XXX.00.00.0099999             32.3465 090 99      0.00   0.00   0.00
0055T  Bone srgry cmptr ct/mri imag                      C   0.00   0.00     0.00    0.00   0.00  0.000XXX.00.00.0000000             32.3465 090 99      0.00   0.00   0.00
00560  Anesth heart surg w/o pump                        J   0.00   0.00     0.00    0.00   0.00  0.009XXX.00.00.0099999             32.3465 090 99      0.00   0.00   0.00
00561  Anesth heart surg <1 yr                           J   0.00   0.00     0.00    0.00   0.00  0.009XXX.00.00.0099999             32.3465 090 99      0.00   0.00   0.00
00562  Anesth hrt surg w/pmp age 1+                      J   0.00   0.00     0.00    0.00   0.00  0.009XXX.00.00.0099999             32.3465 090 99      0.00   0.00   0.00
00563  Anesth heart surg w/arrest                        J   0.00   0.00     0.00    0.00   0.00  0.009XXX.00.00.0099999             32.3465 090 99      0.00   0.00   0.00
00566  Anesth cabg w/o pump                              J   0.00   0.00     0.00    0.00   0.00  0.009XXX.00.00.0099999             32.3465 090 99      0.00   0.00   0.00
00567  Anesth cabg w/pump                                J   0.00   0.00     0.00    0.00   0.00  0.009XXX.00.00.0099999             32.3465 090 99      0.00   0.00   0.00
00580  Anesth heart/lung transplnt                       J   0.00   0.00     0.00    0.00   0.00  0.009XXX.00.00.0099999             32.3465 090 99      0.00   0.00   0.00
00600  Anesth spine cord surgery                         J   0.00   0.00     0.00    0.00   0.00  0.009XXX.00.00.0099999             32.3465 090 99      0.00   0.00   0.00
00604  Anesth sitting procedure                          J   0.00   0.00     0.00    0.00   0.00  0.009XXX.00.00.0099999             32.3465 090 99      0.00   0.00   0.00
00620  Anesth spine cord surgery                         J   0.00   0.00     0.00    0.00   0.00  0.009XXX.00.00.0099999             32.3465 090 99      0.00   0.00   0.00
00625  Anes spine tranthor w/o vent                      J   0.00   0.00     0.00    0.00   0.00  0.009XXX.00.00.0099999             32.3465 090 99      0.00   0.00   0.00
00626  Anes spine transthor w/vent                       J   0.00   0.00     0.00    0.00   0.00  0.009XXX.00.00.0099999             32.3465 090 99      0.00   0.00   0.00
00630  Anesth spine cord surgery                         J   0.00   0.00     0.00    0.00   0.00  0.009XXX.00.00.0099999             32.3465 090 99      0.00   0.00   0.00
00632  Anesth removal of nerves                          J   0.00   0.00     0.00    0.00   0.00  0.009XXX.00.00.0099999             32.3465 090 99      0.00   0.00   0.00
00635  Anesth lumbar puncture                            J   0.00   0.00     0.00    0.00   0.00  0.009XXX.00.00.0099999             32.3465 090 99      0.00   0.00   0.00
00640  Anesth spine manipulation                         J   0.00   0.00     0.00    0.00   0.00  0.009XXX.00.00.0099999             32.3465 090 99      0.00   0.00   0.00
00670  Anesth spine cord surgery                         J   0.00   0.00     0.00    0.00   0.00  0.009XXX.00.00.0099999             32.3465 090 99      0.00   0.00   0.00
00700  Anesth abdominal wall surg                        J   0.00   0.00     0.00    0.00   0.00  0.009XXX.00.00.0099999             32.3465 090 99      0.00   0.00   0.00
00702  Anesth for liver biopsy                           J   0.00   0.00     0.00    0.00   0.00  0.009XXX.00.00.0099999             32.3465 090 99      0.00   0.00   0.00
0071T  Us leiomyomata ablate <200                        C   0.00   0.00     0.00    0.00   0.00  0.000XXX.00.00.0000000             32.3465 090 99      0.00   0.00   0.00
0072T  Fcsd us abltj leiomyom>=200                       C   0.00   0.00     0.00    0.00   0.00  0.000XXX.00.00.0000000             32.3465 090 99      0.00   0.00   0.00
00730  Anesth abdominal wall surg                        J   0.00   0.00     0.00    0.00   0.00  0.009XXX.00.00.0099999             32.3465 090 99      0.00   0.00   0.00
