ADDENDUM E. FINAL CY 2025 GEOGRAPHIC PRACTICE COST INDICES (GPCIs) BY STATE AND MEDICARE LOCALITY

Medicare Admi State  Locality                                      Locality Name                                      2025 PW GPCI2025 PE GPCI2025 MP GPCI
02102           AK      01   ALASKA*                                                                                     1.500       1.081       0.592
07102           AR      13   ARKANSAS                                                                                    1.000       0.860       0.518
01112           CA      54   BAKERSFIELD                                                                                 1.017       1.093       0.662
01112           CA      55   CHICO                                                                                       1.014       1.093       0.560
01182           CA      71   EL CENTRO                                                                                   1.014       1.093       0.570
01112           CA      56   FRESNO                                                                                      1.014       1.093       0.560
01112           CA      57   HANFORD-CORCORAN                                                                            1.014       1.093       0.560
01182           CA      18   LOS ANGELES-LONG BEACH-ANAHEIM (LOS ANGELES/ORANGE CNTY)                                    1.042       1.194       0.690
01112           CA      58   MADERA                                                                                      1.014       1.093       0.560
01112           CA      59   MERCED                                                                                      1.014       1.093       0.560
01112           CA      60   MODESTO                                                                                     1.014       1.093       0.560
01112           CA      51   NAPA                                                                                        1.058       1.310       0.521
01182           CA      17   OXNARD-THOUSAND OAKS-VENTURA                                                                1.026       1.183       0.651
01112           CA      61   REDDING                                                                                     1.014       1.093       0.560
01112           CA      62   RIVERSIDE-SAN BERNARDINO-ONTARIO                                                            1.014       1.093       0.892
01112           CA      63   SACRAMENTO-ROSEVILLE-FOLSOM                                                                 1.034       1.156       0.560
01112           CA      64   SALINAS                                                                                     1.035       1.165       0.560
01182           CA      72   SAN DIEGO-CHULA VISTA-CARLSBAD                                                              1.028       1.191       0.572
