cf_type,cf_value,cf_description,effective_from,effective_to
physician,32.3465,CY 2025 Physician Fee Schedule Final Rule,2025-01-01,
anesthesia,20.3178,CY 2025 Anesthesia Base Unit National Rate,2025-01-01,

